I0418 14:43:18.140051 86433792 processor.cc:820] Processor: start processing batch e4c6ee2c-2442-4d25-a556-868da9936f36 into model nwt
I0418 14:43:18.152474 86970368 processor.cc:925] Processor: complete processing batch f1c008c5-b60b-4169-8c76-f072d0716a08 into model nwt
I0418 14:43:18.153153 86970368 cuckoo_watch.h:45] 17ms in ProcessBatch(urnuuid3a4e41cc-a03b-11eb-8710-acde48001122/f1c008c5-b60b-4169-8c76-f072d0716a08.batch) [including 2ms in LoadMessage; 0ms in InitializeSparseNdw; 0ms in FindReuseThetaCacheEntry; 0ms in InitializeTheta; 0ms in CreateRegularizerAgents; 8ms in InferThetaAndUpdateNwtSparse; 0ms in UpdateCacheEntry; 3ms in CalculateScore(perp_score); 0ms in CalculateScore(sp_theta_score); 1ms in CalculateScore(^^^ItemsProcessedScore^^^); ]
I0418 14:43:18.178372 86970368 processor.cc:740] No data in processing queue, waiting...
I0418 14:43:18.184641 90726400 processor.cc:925] Processor: complete processing batch 7daec17e-2748-48ad-9ee3-94281c944c81 into model nwt
I0418 14:43:18.185292 92336128 processor.cc:925] Processor: complete processing batch deb5c6e3-546c-4504-b726-fe64fd2db8f8 into model nwt
I0418 14:43:18.185348 87506944 processor.cc:925] Processor: complete processing batch ee94a6e3-6109-429a-9425-f6506c958020 into model nwt
I0418 14:43:18.186363 90726400 cuckoo_watch.h:45] 51ms in ProcessBatch(urnuuid3a4e41cc-a03b-11eb-8710-acde48001122/7daec17e-2748-48ad-9ee3-94281c944c81.batch) [including 2ms in LoadMessage; 0ms in InitializeSparseNdw; 0ms in FindReuseThetaCacheEntry; 2ms in InitializeTheta; 0ms in CreateRegularizerAgents; 24ms in InferThetaAndUpdateNwtSparse; 0ms in UpdateCacheEntry; 11ms in CalculateScore(perp_score); 1ms in CalculateScore(sp_theta_score); 6ms in CalculateScore(^^^ItemsProcessedScore^^^); ]
I0418 14:43:18.186483 90189824 processor.cc:925] Processor: complete processing batch 8c143e71-37f0-42b3-81b0-5987b7605a3c into model nwt
I0418 14:43:18.186674 91799552 processor.cc:925] Processor: complete processing batch 7038a150-141c-4b1e-983e-2256594bdf35 into model nwt
I0418 14:43:18.186760 88043520 processor.cc:925] Processor: complete processing batch 6a5c8167-8fbb-4bd0-924f-57e3feb21b91 into model nwt
I0418 14:43:18.187136 87506944 cuckoo_watch.h:45] 52ms in ProcessBatch(urnuuid3a4e41cc-a03b-11eb-8710-acde48001122/ee94a6e3-6109-429a-9425-f6506c958020.batch) [including 3ms in LoadMessage; 0ms in InitializeSparseNdw; 0ms in FindReuseThetaCacheEntry; 2ms in InitializeTheta; 0ms in CreateRegularizerAgents; 25ms in InferThetaAndUpdateNwtSparse; 0ms in UpdateCacheEntry; 11ms in CalculateScore(perp_score); 1ms in CalculateScore(sp_theta_score); 5ms in CalculateScore(^^^ItemsProcessedScore^^^); ]
I0418 14:43:18.187199 88580096 processor.cc:925] Processor: complete processing batch 64cc4505-db6f-4023-b0d6-86d32072e36b into model nwt
I0418 14:43:18.187817 89116672 processor.cc:925] Processor: complete processing batch 017f8a92-498a-48e0-b6c7-37e13089a156 into model nwt
I0418 14:43:18.188489 92336128 cuckoo_watch.h:45] 53ms in ProcessBatch(urnuuid3a4e41cc-a03b-11eb-8710-acde48001122/deb5c6e3-546c-4504-b726-fe64fd2db8f8.batch) [including 3ms in LoadMessage; 0ms in InitializeSparseNdw; 0ms in FindReuseThetaCacheEntry; 2ms in InitializeTheta; 0ms in CreateRegularizerAgents; 24ms in InferThetaAndUpdateNwtSparse; 0ms in UpdateCacheEntry; 11ms in CalculateScore(perp_score); 1ms in CalculateScore(sp_theta_score); 6ms in CalculateScore(^^^ItemsProcessedScore^^^); ]
I0418 14:43:18.188561 91799552 cuckoo_watch.h:45] 52ms in ProcessBatch(urnuuid3a4e41cc-a03b-11eb-8710-acde48001122/7038a150-141c-4b1e-983e-2256594bdf35.batch) [including 3ms in LoadMessage; 0ms in InitializeSparseNdw; 0ms in FindReuseThetaCacheEntry; 2ms in InitializeTheta; 0ms in CreateRegularizerAgents; 25ms in InferThetaAndUpdateNwtSparse; 0ms in UpdateCacheEntry; 11ms in CalculateScore(perp_score); 1ms in CalculateScore(sp_theta_score); 6ms in CalculateScore(^^^ItemsProcessedScore^^^); ]
I0418 14:43:18.188746 86433792 processor.cc:925] Processor: complete processing batch e4c6ee2c-2442-4d25-a556-868da9936f36 into model nwt
I0418 14:43:18.188897 88580096 cuckoo_watch.h:45] 53ms in ProcessBatch(urnuuid3a4e41cc-a03b-11eb-8710-acde48001122/64cc4505-db6f-4023-b0d6-86d32072e36b.batch) [including 3ms in LoadMessage; 0ms in InitializeSparseNdw; 0ms in FindReuseThetaCacheEntry; 6ms in InitializeTheta; 0ms in CreateRegularizerAgents; 23ms in InferThetaAndUpdateNwtSparse; 0ms in UpdateCacheEntry; 11ms in CalculateScore(perp_score); 1ms in CalculateScore(sp_theta_score); 5ms in CalculateScore(^^^ItemsProcessedScore^^^); ]
I0418 14:43:18.189355 89653248 processor.cc:925] Processor: complete processing batch 8a79d2d1-fbe8-424d-b9c4-11b2a57babc0 into model nwt
I0418 14:43:18.189566 89116672 cuckoo_watch.h:45] 55ms in ProcessBatch(urnuuid3a4e41cc-a03b-11eb-8710-acde48001122/017f8a92-498a-48e0-b6c7-37e13089a156.batch) [including 2ms in LoadMessage; 0ms in InitializeSparseNdw; 0ms in FindReuseThetaCacheEntry; 4ms in InitializeTheta; 0ms in CreateRegularizerAgents; 26ms in InferThetaAndUpdateNwtSparse; 0ms in UpdateCacheEntry; 11ms in CalculateScore(perp_score); 0ms in CalculateScore(sp_theta_score); 6ms in CalculateScore(^^^ItemsProcessedScore^^^); ]
I0418 14:43:18.189779 91262976 processor.cc:925] Processor: complete processing batch 6bd54dfa-f478-42cd-bf63-197721e61a64 into model nwt
I0418 14:43:18.190037 90189824 cuckoo_watch.h:45] 54ms in ProcessBatch(urnuuid3a4e41cc-a03b-11eb-8710-acde48001122/8c143e71-37f0-42b3-81b0-5987b7605a3c.batch) [including 3ms in LoadMessage; 0ms in InitializeSparseNdw; 0ms in FindReuseThetaCacheEntry; 2ms in InitializeTheta; 0ms in CreateRegularizerAgents; 25ms in InferThetaAndUpdateNwtSparse; 0ms in UpdateCacheEntry; 11ms in CalculateScore(perp_score); 1ms in CalculateScore(sp_theta_score); 6ms in CalculateScore(^^^ItemsProcessedScore^^^); ]
I0418 14:43:18.191195 88043520 cuckoo_watch.h:45] 55ms in ProcessBatch(urnuuid3a4e41cc-a03b-11eb-8710-acde48001122/6a5c8167-8fbb-4bd0-924f-57e3feb21b91.batch) [including 3ms in LoadMessage; 0ms in InitializeSparseNdw; 0ms in FindReuseThetaCacheEntry; 2ms in InitializeTheta; 0ms in CreateRegularizerAgents; 24ms in InferThetaAndUpdateNwtSparse; 0ms in UpdateCacheEntry; 11ms in CalculateScore(perp_score); 1ms in CalculateScore(sp_theta_score); 6ms in CalculateScore(^^^ItemsProcessedScore^^^); ]
I0418 14:43:18.192800 86433792 cuckoo_watch.h:45] 56ms in ProcessBatch(urnuuid3a4e41cc-a03b-11eb-8710-acde48001122/e4c6ee2c-2442-4d25-a556-868da9936f36.batch) [including 3ms in LoadMessage; 0ms in InitializeSparseNdw; 0ms in FindReuseThetaCacheEntry; 2ms in InitializeTheta; 0ms in CreateRegularizerAgents; 25ms in InferThetaAndUpdateNwtSparse; 0ms in UpdateCacheEntry; 12ms in CalculateScore(perp_score); 1ms in CalculateScore(sp_theta_score); 5ms in CalculateScore(^^^ItemsProcessedScore^^^); ]
I0418 14:43:18.192909 91262976 cuckoo_watch.h:45] 58ms in ProcessBatch(urnuuid3a4e41cc-a03b-11eb-8710-acde48001122/6bd54dfa-f478-42cd-bf63-197721e61a64.batch) [including 5ms in LoadMessage; 0ms in InitializeSparseNdw; 0ms in FindReuseThetaCacheEntry; 2ms in InitializeTheta; 0ms in CreateRegularizerAgents; 27ms in InferThetaAndUpdateNwtSparse; 0ms in UpdateCacheEntry; 11ms in CalculateScore(perp_score); 1ms in CalculateScore(sp_theta_score); 6ms in CalculateScore(^^^ItemsProcessedScore^^^); ]
I0418 14:43:18.193329 89653248 cuckoo_watch.h:45] 58ms in ProcessBatch(urnuuid3a4e41cc-a03b-11eb-8710-acde48001122/8a79d2d1-fbe8-424d-b9c4-11b2a57babc0.batch) [including 3ms in LoadMessage; 0ms in InitializeSparseNdw; 0ms in FindReuseThetaCacheEntry; 2ms in InitializeTheta; 0ms in CreateRegularizerAgents; 27ms in InferThetaAndUpdateNwtSparse; 0ms in UpdateCacheEntry; 12ms in CalculateScore(perp_score); 1ms in CalculateScore(sp_theta_score); 5ms in CalculateScore(^^^ItemsProcessedScore^^^); ]
I0418 14:43:18.193459 290098688 master_component.cc:1436] RegularizeModelArgs: rwt_target_name=rwt, pwt_source_name=pwt, nwt_source_name=nwt
I0418 14:43:18.193472 290098688 master_component.cc:976] MasterComponent: start regularizing model pwt
I0418 14:43:18.195724 290098688 master_component.cc:1002] MasterComponent: complete regularizing model pwt
I0418 14:43:18.195731 290098688 master_component.cc:1449] NormalizeModelArgs: pwt_target_name=pwt, nwt_source_name=nwt, rwt_source_name=rwt
I0418 14:43:18.195736 290098688 master_component.cc:1006] MasterComponent: start normalizing model nwt
I0418 14:43:18.197119 290098688 master_component.cc:1034] MasterComponent: complete normalizing model nwt
I0418 14:43:18.197170 290098688 master_component.cc:1473] DisposeModel rwt
I0418 14:43:18.197450 290098688 master_component.cc:1059] FitOffline: ItemsProcessed, num_items=11314, num_batches=12, token_weight=910147, token_weight_in_effect=910147
I0418 14:43:18.197700 290098688 c_interface.cc:389] Pass FitOfflineMasterModelArgs, batch_filename_size=12, batch_weight_size=12, num_collection_passes=1, reset_nwt=yes to MN4artm4core15MasterComponentEFvRKNS_25FitOfflineMasterModelArgsEE
I0418 14:43:18.197717 290098688 master_component.cc:1398] ProcessBatchesArgs: nwt_target_name=nwt, batch_filename_size=12, batch_size=0, batch_weight_size=12, pwt_source_name=pwt, num_document_passes=10, regularizer=(name:lda_theta_reg, tau:0.01), regularizer=(name:lda_phi_reg, tau:0.01), reuse_theta=yes, opt_for_avx=yes, predict_class_id=, reset_nwt=yes
I0418 14:43:18.199434 86970368 processor.cc:747] Processing queue has data, processing started
I0418 14:43:18.201154 92336128 processor.cc:820] Processor: start processing batch 64cc4505-db6f-4023-b0d6-86d32072e36b into model nwt
I0418 14:43:18.201161 88580096 processor.cc:820] Processor: start processing batch 7daec17e-2748-48ad-9ee3-94281c944c81 into model nwt
I0418 14:43:18.201171 91799552 processor.cc:820] Processor: start processing batch deb5c6e3-546c-4504-b726-fe64fd2db8f8 into model nwt
I0418 14:43:18.201215 91262976 processor.cc:820] Processor: start processing batch 7038a150-141c-4b1e-983e-2256594bdf35 into model nwt
I0418 14:43:18.201458 89116672 processor.cc:820] Processor: start processing batch 6bd54dfa-f478-42cd-bf63-197721e61a64 into model nwt
I0418 14:43:18.202015 90189824 processor.cc:820] Processor: start processing batch 8c143e71-37f0-42b3-81b0-5987b7605a3c into model nwt
I0418 14:43:18.202023 90726400 processor.cc:820] Processor: start processing batch 8a79d2d1-fbe8-424d-b9c4-11b2a57babc0 into model nwt
I0418 14:43:18.202101 87506944 processor.cc:820] Processor: start processing batch 6a5c8167-8fbb-4bd0-924f-57e3feb21b91 into model nwt
I0418 14:43:18.202781 86970368 processor.cc:820] Processor: start processing batch e4c6ee2c-2442-4d25-a556-868da9936f36 into model nwt
I0418 14:43:18.202864 88043520 processor.cc:820] Processor: start processing batch ee94a6e3-6109-429a-9425-f6506c958020 into model nwt
I0418 14:43:18.203723 86433792 processor.cc:820] Processor: start processing batch f1c008c5-b60b-4169-8c76-f072d0716a08 into model nwt
I0418 14:43:18.204609 89653248 processor.cc:820] Processor: start processing batch 017f8a92-498a-48e0-b6c7-37e13089a156 into model nwt
I0418 14:43:18.218927 86433792 processor.cc:925] Processor: complete processing batch f1c008c5-b60b-4169-8c76-f072d0716a08 into model nwt
I0418 14:43:18.219647 86433792 cuckoo_watch.h:45] 20ms in ProcessBatch(urnuuid3a4e41cc-a03b-11eb-8710-acde48001122/f1c008c5-b60b-4169-8c76-f072d0716a08.batch) [including 4ms in LoadMessage; 0ms in InitializeSparseNdw; 0ms in FindReuseThetaCacheEntry; 0ms in InitializeTheta; 0ms in CreateRegularizerAgents; 8ms in InferThetaAndUpdateNwtSparse; 0ms in UpdateCacheEntry; 3ms in CalculateScore(perp_score); 0ms in CalculateScore(sp_theta_score); 2ms in CalculateScore(^^^ItemsProcessedScore^^^); ]
I0418 14:43:18.244027 86433792 processor.cc:740] No data in processing queue, waiting...
I0418 14:43:18.245220 89116672 processor.cc:925] Processor: complete processing batch 6bd54dfa-f478-42cd-bf63-197721e61a64 into model nwt
I0418 14:43:18.246227 92336128 processor.cc:925] Processor: complete processing batch 64cc4505-db6f-4023-b0d6-86d32072e36b into model nwt
I0418 14:43:18.247277 89116672 cuckoo_watch.h:45] 49ms in ProcessBatch(urnuuid3a4e41cc-a03b-11eb-8710-acde48001122/6bd54dfa-f478-42cd-bf63-197721e61a64.batch) [including 3ms in LoadMessage; 0ms in InitializeSparseNdw; 0ms in FindReuseThetaCacheEntry; 2ms in InitializeTheta; 0ms in CreateRegularizerAgents; 23ms in InferThetaAndUpdateNwtSparse; 0ms in UpdateCacheEntry; 10ms in CalculateScore(perp_score); 1ms in CalculateScore(sp_theta_score); 5ms in CalculateScore(^^^ItemsProcessedScore^^^); ]
I0418 14:43:18.247336 88580096 processor.cc:925] Processor: complete processing batch 7daec17e-2748-48ad-9ee3-94281c944c81 into model nwt
I0418 14:43:18.247984 92336128 cuckoo_watch.h:45] 49ms in ProcessBatch(urnuuid3a4e41cc-a03b-11eb-8710-acde48001122/64cc4505-db6f-4023-b0d6-86d32072e36b.batch) [including 2ms in LoadMessage; 0ms in InitializeSparseNdw; 0ms in FindReuseThetaCacheEntry; 2ms in InitializeTheta; 0ms in CreateRegularizerAgents; 23ms in InferThetaAndUpdateNwtSparse; 0ms in UpdateCacheEntry; 10ms in CalculateScore(perp_score); 1ms in CalculateScore(sp_theta_score); 5ms in CalculateScore(^^^ItemsProcessedScore^^^); ]
I0418 14:43:18.248548 88580096 cuckoo_watch.h:45] 50ms in ProcessBatch(urnuuid3a4e41cc-a03b-11eb-8710-acde48001122/7daec17e-2748-48ad-9ee3-94281c944c81.batch) [including 2ms in LoadMessage; 0ms in InitializeSparseNdw; 0ms in FindReuseThetaCacheEntry; 2ms in InitializeTheta; 0ms in CreateRegularizerAgents; 25ms in InferThetaAndUpdateNwtSparse; 0ms in UpdateCacheEntry; 9ms in CalculateScore(perp_score); 1ms in CalculateScore(sp_theta_score); 6ms in CalculateScore(^^^ItemsProcessedScore^^^); ]
I0418 14:43:18.250077 91799552 processor.cc:925] Processor: complete processing batch deb5c6e3-546c-4504-b726-fe64fd2db8f8 into model nwt
I0418 14:43:18.250613 89653248 processor.cc:925] Processor: complete processing batch 017f8a92-498a-48e0-b6c7-37e13089a156 into model nwt
I0418 14:43:18.250799 86970368 processor.cc:925] Processor: complete processing batch e4c6ee2c-2442-4d25-a556-868da9936f36 into model nwt
I0418 14:43:18.250890 90189824 processor.cc:925] Processor: complete processing batch 8c143e71-37f0-42b3-81b0-5987b7605a3c into model nwt
I0418 14:43:18.250908 90726400 processor.cc:925] Processor: complete processing batch 8a79d2d1-fbe8-424d-b9c4-11b2a57babc0 into model nwt
I0418 14:43:18.250964 87506944 processor.cc:925] Processor: complete processing batch 6a5c8167-8fbb-4bd0-924f-57e3feb21b91 into model nwt
I0418 14:43:18.251482 91262976 processor.cc:925] Processor: complete processing batch 7038a150-141c-4b1e-983e-2256594bdf35 into model nwt
I0418 14:43:18.251583 88043520 processor.cc:925] Processor: complete processing batch ee94a6e3-6109-429a-9425-f6506c958020 into model nwt
I0418 14:43:18.253435 90189824 cuckoo_watch.h:45] 54ms in ProcessBatch(urnuuid3a4e41cc-a03b-11eb-8710-acde48001122/8c143e71-37f0-42b3-81b0-5987b7605a3c.batch) [including 3ms in LoadMessage; 0ms in InitializeSparseNdw; 0ms in FindReuseThetaCacheEntry; 2ms in InitializeTheta; 0ms in CreateRegularizerAgents; 27ms in InferThetaAndUpdateNwtSparse; 0ms in UpdateCacheEntry; 11ms in CalculateScore(perp_score); 1ms in CalculateScore(sp_theta_score); 5ms in CalculateScore(^^^ItemsProcessedScore^^^); ]
I0418 14:43:18.253780 90726400 cuckoo_watch.h:45] 55ms in ProcessBatch(urnuuid3a4e41cc-a03b-11eb-8710-acde48001122/8a79d2d1-fbe8-424d-b9c4-11b2a57babc0.batch) [including 3ms in LoadMessage; 0ms in InitializeSparseNdw; 0ms in FindReuseThetaCacheEntry; 2ms in InitializeTheta; 0ms in CreateRegularizerAgents; 26ms in InferThetaAndUpdateNwtSparse; 0ms in UpdateCacheEntry; 11ms in CalculateScore(perp_score); 1ms in CalculateScore(sp_theta_score); 5ms in CalculateScore(^^^ItemsProcessedScore^^^); ]
I0418 14:43:18.254004 91799552 cuckoo_watch.h:45] 55ms in ProcessBatch(urnuuid3a4e41cc-a03b-11eb-8710-acde48001122/deb5c6e3-546c-4504-b726-fe64fd2db8f8.batch) [including 2ms in LoadMessage; 1ms in InitializeSparseNdw; 0ms in FindReuseThetaCacheEntry; 2ms in InitializeTheta; 0ms in CreateRegularizerAgents; 25ms in InferThetaAndUpdateNwtSparse; 0ms in UpdateCacheEntry; 11ms in CalculateScore(perp_score); 1ms in CalculateScore(sp_theta_score); 6ms in CalculateScore(^^^ItemsProcessedScore^^^); ]
I0418 14:43:18.254295 86970368 cuckoo_watch.h:45] 54ms in ProcessBatch(urnuuid3a4e41cc-a03b-11eb-8710-acde48001122/e4c6ee2c-2442-4d25-a556-868da9936f36.batch) [including 3ms in LoadMessage; 0ms in InitializeSparseNdw; 0ms in FindReuseThetaCacheEntry; 5ms in InitializeTheta; 0ms in CreateRegularizerAgents; 24ms in InferThetaAndUpdateNwtSparse; 0ms in UpdateCacheEntry; 10ms in CalculateScore(perp_score); 1ms in CalculateScore(sp_theta_score); 5ms in CalculateScore(^^^ItemsProcessedScore^^^); ]
I0418 14:43:18.254490 89653248 cuckoo_watch.h:45] 56ms in ProcessBatch(urnuuid3a4e41cc-a03b-11eb-8710-acde48001122/017f8a92-498a-48e0-b6c7-37e13089a156.batch) [including 6ms in LoadMessage; 0ms in InitializeSparseNdw; 0ms in FindReuseThetaCacheEntry; 1ms in InitializeTheta; 0ms in CreateRegularizerAgents; 25ms in InferThetaAndUpdateNwtSparse; 0ms in UpdateCacheEntry; 10ms in CalculateScore(perp_score); 1ms in CalculateScore(sp_theta_score); 6ms in CalculateScore(^^^ItemsProcessedScore^^^); ]
I0418 14:43:18.254518 87506944 cuckoo_watch.h:45] 55ms in ProcessBatch(urnuuid3a4e41cc-a03b-11eb-8710-acde48001122/6a5c8167-8fbb-4bd0-924f-57e3feb21b91.batch) [including 3ms in LoadMessage; 0ms in InitializeSparseNdw; 0ms in FindReuseThetaCacheEntry; 2ms in InitializeTheta; 0ms in CreateRegularizerAgents; 27ms in InferThetaAndUpdateNwtSparse; 0ms in UpdateCacheEntry; 10ms in CalculateScore(perp_score); 1ms in CalculateScore(sp_theta_score); 6ms in CalculateScore(^^^ItemsProcessedScore^^^); ]
I0418 14:43:18.254669 88043520 cuckoo_watch.h:45] 56ms in ProcessBatch(urnuuid3a4e41cc-a03b-11eb-8710-acde48001122/ee94a6e3-6109-429a-9425-f6506c958020.batch) [including 4ms in LoadMessage; 0ms in InitializeSparseNdw; 0ms in FindReuseThetaCacheEntry; 2ms in InitializeTheta; 0ms in CreateRegularizerAgents; 27ms in InferThetaAndUpdateNwtSparse; 0ms in UpdateCacheEntry; 10ms in CalculateScore(perp_score); 0ms in CalculateScore(sp_theta_score); 6ms in CalculateScore(^^^ItemsProcessedScore^^^); ]
I0418 14:43:18.254868 91262976 cuckoo_watch.h:45] 56ms in ProcessBatch(urnuuid3a4e41cc-a03b-11eb-8710-acde48001122/7038a150-141c-4b1e-983e-2256594bdf35.batch) [including 2ms in LoadMessage; 0ms in InitializeSparseNdw; 0ms in FindReuseThetaCacheEntry; 3ms in InitializeTheta; 0ms in CreateRegularizerAgents; 26ms in InferThetaAndUpdateNwtSparse; 0ms in UpdateCacheEntry; 11ms in CalculateScore(perp_score); 1ms in CalculateScore(sp_theta_score); 6ms in CalculateScore(^^^ItemsProcessedScore^^^); ]
I0418 14:43:18.255162 290098688 master_component.cc:1436] RegularizeModelArgs: rwt_target_name=rwt, pwt_source_name=pwt, nwt_source_name=nwt
I0418 14:43:18.255193 290098688 master_component.cc:976] MasterComponent: start regularizing model pwt
I0418 14:43:18.257098 290098688 master_component.cc:1002] MasterComponent: complete regularizing model pwt
I0418 14:43:18.257103 290098688 master_component.cc:1449] NormalizeModelArgs: pwt_target_name=pwt, nwt_source_name=nwt, rwt_source_name=rwt
I0418 14:43:18.257107 290098688 master_component.cc:1006] MasterComponent: start normalizing model nwt
I0418 14:43:18.258306 290098688 master_component.cc:1034] MasterComponent: complete normalizing model nwt
I0418 14:43:18.258355 290098688 master_component.cc:1473] DisposeModel rwt
I0418 14:43:18.258666 290098688 master_component.cc:1059] FitOffline: ItemsProcessed, num_items=11314, num_batches=12, token_weight=910147, token_weight_in_effect=910147
I0418 14:43:18.258857 290098688 c_interface.cc:389] Pass FitOfflineMasterModelArgs, batch_filename_size=12, batch_weight_size=12, num_collection_passes=1, reset_nwt=yes to MN4artm4core15MasterComponentEFvRKNS_25FitOfflineMasterModelArgsEE
I0418 14:43:18.258904 290098688 master_component.cc:1398] ProcessBatchesArgs: nwt_target_name=nwt, batch_filename_size=12, batch_size=0, batch_weight_size=12, pwt_source_name=pwt, num_document_passes=10, regularizer=(name:lda_theta_reg, tau:0.01), regularizer=(name:lda_phi_reg, tau:0.01), reuse_theta=yes, opt_for_avx=yes, predict_class_id=, reset_nwt=yes
I0418 14:43:18.259732 86433792 processor.cc:747] Processing queue has data, processing started
I0418 14:43:18.260929 86433792 processor.cc:820] Processor: start processing batch f1c008c5-b60b-4169-8c76-f072d0716a08 into model nwt
I0418 14:43:18.262583 86970368 processor.cc:820] Processor: start processing batch 6bd54dfa-f478-42cd-bf63-197721e61a64 into model nwt
I0418 14:43:18.262593 90189824 processor.cc:820] Processor: start processing batch 64cc4505-db6f-4023-b0d6-86d32072e36b into model nwt
I0418 14:43:18.262614 87506944 processor.cc:820] Processor: start processing batch deb5c6e3-546c-4504-b726-fe64fd2db8f8 into model nwt
I0418 14:43:18.262624 89653248 processor.cc:820] Processor: start processing batch 017f8a92-498a-48e0-b6c7-37e13089a156 into model nwt
I0418 14:43:18.262632 88580096 processor.cc:820] Processor: start processing batch 7daec17e-2748-48ad-9ee3-94281c944c81 into model nwt
I0418 14:43:18.262646 89116672 processor.cc:820] Processor: start processing batch ee94a6e3-6109-429a-9425-f6506c958020 into model nwt
I0418 14:43:18.263015 91799552 processor.cc:820] Processor: start processing batch e4c6ee2c-2442-4d25-a556-868da9936f36 into model nwt
I0418 14:43:18.263018 92336128 processor.cc:820] Processor: start processing batch 7038a150-141c-4b1e-983e-2256594bdf35 into model nwt
I0418 14:43:18.263025 90726400 processor.cc:820] Processor: start processing batch 6a5c8167-8fbb-4bd0-924f-57e3feb21b91 into model nwt
I0418 14:43:18.263060 88043520 processor.cc:820] Processor: start processing batch 8a79d2d1-fbe8-424d-b9c4-11b2a57babc0 into model nwt
I0418 14:43:18.263223 91262976 processor.cc:820] Processor: start processing batch 8c143e71-37f0-42b3-81b0-5987b7605a3c into model nwt
I0418 14:43:18.277842 86433792 processor.cc:925] Processor: complete processing batch f1c008c5-b60b-4169-8c76-f072d0716a08 into model nwt
I0418 14:43:18.278551 86433792 cuckoo_watch.h:45] 18ms in ProcessBatch(urnuuid3a4e41cc-a03b-11eb-8710-acde48001122/f1c008c5-b60b-4169-8c76-f072d0716a08.batch) [including 1ms in LoadMessage; 0ms in InitializeSparseNdw; 0ms in FindReuseThetaCacheEntry; 0ms in InitializeTheta; 0ms in CreateRegularizerAgents; 10ms in InferThetaAndUpdateNwtSparse; 0ms in UpdateCacheEntry; 3ms in CalculateScore(perp_score); 0ms in CalculateScore(sp_theta_score); 2ms in CalculateScore(^^^ItemsProcessedScore^^^); ]
I0418 14:43:18.301790 86433792 processor.cc:740] No data in processing queue, waiting...
I0418 14:43:18.309022 90189824 processor.cc:925] Processor: complete processing batch 64cc4505-db6f-4023-b0d6-86d32072e36b into model nwt
I0418 14:43:18.309137 89653248 processor.cc:925] Processor: complete processing batch 017f8a92-498a-48e0-b6c7-37e13089a156 into model nwt
I0418 14:43:18.309592 90726400 processor.cc:925] Processor: complete processing batch 6a5c8167-8fbb-4bd0-924f-57e3feb21b91 into model nwt
I0418 14:43:18.309720 86970368 processor.cc:925] Processor: complete processing batch 6bd54dfa-f478-42cd-bf63-197721e61a64 into model nwt
I0418 14:43:18.309978 88580096 processor.cc:925] Processor: complete processing batch 7daec17e-2748-48ad-9ee3-94281c944c81 into model nwt
I0418 14:43:18.310576 92336128 processor.cc:925] Processor: complete processing batch 7038a150-141c-4b1e-983e-2256594bdf35 into model nwt
I0418 14:43:18.310711 90189824 cuckoo_watch.h:45] 51ms in ProcessBatch(urnuuid3a4e41cc-a03b-11eb-8710-acde48001122/64cc4505-db6f-4023-b0d6-86d32072e36b.batch) [including 3ms in LoadMessage; 0ms in InitializeSparseNdw; 0ms in FindReuseThetaCacheEntry; 2ms in InitializeTheta; 0ms in CreateRegularizerAgents; 24ms in InferThetaAndUpdateNwtSparse; 0ms in UpdateCacheEntry; 10ms in CalculateScore(perp_score); 1ms in CalculateScore(sp_theta_score); 6ms in CalculateScore(^^^ItemsProcessedScore^^^); ]
I0418 14:43:18.310731 89653248 cuckoo_watch.h:45] 51ms in ProcessBatch(urnuuid3a4e41cc-a03b-11eb-8710-acde48001122/017f8a92-498a-48e0-b6c7-37e13089a156.batch) [including 3ms in LoadMessage; 0ms in InitializeSparseNdw; 0ms in FindReuseThetaCacheEntry; 3ms in InitializeTheta; 0ms in CreateRegularizerAgents; 24ms in InferThetaAndUpdateNwtSparse; 0ms in UpdateCacheEntry; 10ms in CalculateScore(perp_score); 1ms in CalculateScore(sp_theta_score); 5ms in CalculateScore(^^^ItemsProcessedScore^^^); ]
I0418 14:43:18.310894 91262976 processor.cc:925] Processor: complete processing batch 8c143e71-37f0-42b3-81b0-5987b7605a3c into model nwt
I0418 14:43:18.311319 89116672 processor.cc:925] Processor: complete processing batch ee94a6e3-6109-429a-9425-f6506c958020 into model nwt
I0418 14:43:18.311336 90726400 cuckoo_watch.h:45] 51ms in ProcessBatch(urnuuid3a4e41cc-a03b-11eb-8710-acde48001122/6a5c8167-8fbb-4bd0-924f-57e3feb21b91.batch) [including 3ms in LoadMessage; 0ms in InitializeSparseNdw; 0ms in FindReuseThetaCacheEntry; 2ms in InitializeTheta; 0ms in CreateRegularizerAgents; 25ms in InferThetaAndUpdateNwtSparse; 0ms in UpdateCacheEntry; 10ms in CalculateScore(perp_score); 1ms in CalculateScore(sp_theta_score); 5ms in CalculateScore(^^^ItemsProcessedScore^^^); ]
I0418 14:43:18.311640 87506944 processor.cc:925] Processor: complete processing batch deb5c6e3-546c-4504-b726-fe64fd2db8f8 into model nwt
I0418 14:43:18.311795 91799552 processor.cc:925] Processor: complete processing batch e4c6ee2c-2442-4d25-a556-868da9936f36 into model nwt
I0418 14:43:18.312134 92336128 cuckoo_watch.h:45] 52ms in ProcessBatch(urnuuid3a4e41cc-a03b-11eb-8710-acde48001122/7038a150-141c-4b1e-983e-2256594bdf35.batch) [including 3ms in LoadMessage; 0ms in InitializeSparseNdw; 0ms in FindReuseThetaCacheEntry; 2ms in InitializeTheta; 0ms in CreateRegularizerAgents; 25ms in InferThetaAndUpdateNwtSparse; 0ms in UpdateCacheEntry; 10ms in CalculateScore(perp_score); 1ms in CalculateScore(sp_theta_score); 6ms in CalculateScore(^^^ItemsProcessedScore^^^); ]
I0418 14:43:18.313122 87506944 cuckoo_watch.h:45] 53ms in ProcessBatch(urnuuid3a4e41cc-a03b-11eb-8710-acde48001122/deb5c6e3-546c-4504-b726-fe64fd2db8f8.batch) [including 3ms in LoadMessage; 1ms in InitializeSparseNdw; 0ms in FindReuseThetaCacheEntry; 3ms in InitializeTheta; 0ms in CreateRegularizerAgents; 24ms in InferThetaAndUpdateNwtSparse; 0ms in UpdateCacheEntry; 11ms in CalculateScore(perp_score); 1ms in CalculateScore(sp_theta_score); 6ms in CalculateScore(^^^ItemsProcessedScore^^^); ]
I0418 14:43:18.313401 91262976 cuckoo_watch.h:45] 53ms in ProcessBatch(urnuuid3a4e41cc-a03b-11eb-8710-acde48001122/8c143e71-37f0-42b3-81b0-5987b7605a3c.batch) [including 3ms in LoadMessage; 0ms in InitializeSparseNdw; 0ms in FindReuseThetaCacheEntry; 5ms in InitializeTheta; 0ms in CreateRegularizerAgents; 23ms in InferThetaAndUpdateNwtSparse; 0ms in UpdateCacheEntry; 10ms in CalculateScore(perp_score); 1ms in CalculateScore(sp_theta_score); 6ms in CalculateScore(^^^ItemsProcessedScore^^^); ]
I0418 14:43:18.313661 88043520 processor.cc:925] Processor: complete processing batch 8a79d2d1-fbe8-424d-b9c4-11b2a57babc0 into model nwt
I0418 14:43:18.314031 86970368 cuckoo_watch.h:45] 54ms in ProcessBatch(urnuuid3a4e41cc-a03b-11eb-8710-acde48001122/6bd54dfa-f478-42cd-bf63-197721e61a64.batch) [including 3ms in LoadMessage; 0ms in InitializeSparseNdw; 0ms in FindReuseThetaCacheEntry; 2ms in InitializeTheta; 0ms in CreateRegularizerAgents; 25ms in InferThetaAndUpdateNwtSparse; 0ms in UpdateCacheEntry; 11ms in CalculateScore(perp_score); 0ms in CalculateScore(sp_theta_score); 6ms in CalculateScore(^^^ItemsProcessedScore^^^); ]
I0418 14:43:18.314381 89116672 cuckoo_watch.h:45] 54ms in ProcessBatch(urnuuid3a4e41cc-a03b-11eb-8710-acde48001122/ee94a6e3-6109-429a-9425-f6506c958020.batch) [including 3ms in LoadMessage; 1ms in InitializeSparseNdw; 0ms in FindReuseThetaCacheEntry; 4ms in InitializeTheta; 0ms in CreateRegularizerAgents; 24ms in InferThetaAndUpdateNwtSparse; 0ms in UpdateCacheEntry; 11ms in CalculateScore(perp_score); 1ms in CalculateScore(sp_theta_score); 5ms in CalculateScore(^^^ItemsProcessedScore^^^); ]
I0418 14:43:18.314616 88580096 cuckoo_watch.h:45] 55ms in ProcessBatch(urnuuid3a4e41cc-a03b-11eb-8710-acde48001122/7daec17e-2748-48ad-9ee3-94281c944c81.batch) [including 3ms in LoadMessage; 1ms in InitializeSparseNdw; 0ms in FindReuseThetaCacheEntry; 2ms in InitializeTheta; 0ms in CreateRegularizerAgents; 24ms in InferThetaAndUpdateNwtSparse; 0ms in UpdateCacheEntry; 10ms in CalculateScore(perp_score); 1ms in CalculateScore(sp_theta_score); 6ms in CalculateScore(^^^ItemsProcessedScore^^^); ]
I0418 14:43:18.314855 88043520 cuckoo_watch.h:45] 55ms in ProcessBatch(urnuuid3a4e41cc-a03b-11eb-8710-acde48001122/8a79d2d1-fbe8-424d-b9c4-11b2a57babc0.batch) [including 3ms in LoadMessage; 0ms in InitializeSparseNdw; 0ms in FindReuseThetaCacheEntry; 3ms in InitializeTheta; 0ms in CreateRegularizerAgents; 27ms in InferThetaAndUpdateNwtSparse; 0ms in UpdateCacheEntry; 11ms in CalculateScore(perp_score); 1ms in CalculateScore(sp_theta_score); 5ms in CalculateScore(^^^ItemsProcessedScore^^^); ]
I0418 14:43:18.314967 91799552 cuckoo_watch.h:45] 55ms in ProcessBatch(urnuuid3a4e41cc-a03b-11eb-8710-acde48001122/e4c6ee2c-2442-4d25-a556-868da9936f36.batch) [including 3ms in LoadMessage; 0ms in InitializeSparseNdw; 0ms in FindReuseThetaCacheEntry; 3ms in InitializeTheta; 0ms in CreateRegularizerAgents; 24ms in InferThetaAndUpdateNwtSparse; 0ms in UpdateCacheEntry; 11ms in CalculateScore(perp_score); 1ms in CalculateScore(sp_theta_score); 6ms in CalculateScore(^^^ItemsProcessedScore^^^); ]
I0418 14:43:18.315295 290098688 master_component.cc:1436] RegularizeModelArgs: rwt_target_name=rwt, pwt_source_name=pwt, nwt_source_name=nwt
I0418 14:43:18.315313 290098688 master_component.cc:976] MasterComponent: start regularizing model pwt
I0418 14:43:18.317307 290098688 master_component.cc:1002] MasterComponent: complete regularizing model pwt
I0418 14:43:18.317315 290098688 master_component.cc:1449] NormalizeModelArgs: pwt_target_name=pwt, nwt_source_name=nwt, rwt_source_name=rwt
I0418 14:43:18.317319 290098688 master_component.cc:1006] MasterComponent: start normalizing model nwt
I0418 14:43:18.318459 290098688 master_component.cc:1034] MasterComponent: complete normalizing model nwt
I0418 14:43:18.318509 290098688 master_component.cc:1473] DisposeModel rwt
I0418 14:43:18.318791 290098688 master_component.cc:1059] FitOffline: ItemsProcessed, num_items=11314, num_batches=12, token_weight=910147, token_weight_in_effect=910147
I0418 14:43:18.319278 290098688 c_interface.cc:389] Pass MasterModelConfig: topic_name_size=15, score_config_size=5, num_processors=0, pwt_name=pwt, nwt_name=nwt, num_document_passes=10, regularizer=(lda_theta_reg:0.01), regularizer=(lda_phi_reg:0.01), reuse_theta=yes, cache_theta=yes, opt_for_avx=yes, disk_cache_path= to MN4artm4core15MasterComponentEFvRKNS_17MasterModelConfigEE
I0418 14:43:18.319293 290098688 instance.cc:401] MasterModelConfig.processors_count is automatically set to 12
I0418 14:43:18.319304 290098688 perplexity.cc:26] Perplexity score calculator created: model_type=1, dictionary_name=2572e564-96d5-4ef7-9b38-72feaad14a33
I0418 14:43:18.319320 290098688 instance.cc:226] Regularizer 'lda_theta_reg' was cold-reconfigured
I0418 14:43:18.319325 290098688 instance.cc:232] Regularizer 'lda_phi_reg' was cold-reconfigured
I0418 14:43:18.319392 290098688 c_interface.cc:562] Pass GetScoreValueArgs, score_name=tt_score to MasterComponent::Request
I0418 14:43:18.320469 290098688 c_interface.cc:231] ArtmCopyRequestedMessage is copying 3475 bytes...
I0418 14:43:18.333359 89653248 processor.cc:740] No data in processing queue, waiting...
I0418 14:43:18.333602 90189824 processor.cc:740] No data in processing queue, waiting...
I0418 14:43:18.334446 90726400 processor.cc:740] No data in processing queue, waiting...
I0418 14:43:18.334451 92336128 processor.cc:740] No data in processing queue, waiting...
I0418 14:43:18.335470 87506944 processor.cc:740] No data in processing queue, waiting...
I0418 14:43:18.335872 91262976 processor.cc:740] No data in processing queue, waiting...
I0418 14:43:18.336728 88043520 processor.cc:740] No data in processing queue, waiting...
I0418 14:43:18.336728 88580096 processor.cc:740] No data in processing queue, waiting...
I0418 14:43:18.336731 86970368 processor.cc:740] No data in processing queue, waiting...
I0418 14:43:18.336882 89116672 processor.cc:740] No data in processing queue, waiting...
I0418 14:43:18.337997 91799552 processor.cc:740] No data in processing queue, waiting...
I0418 21:46:26.820313 290098688 c_interface.cc:375] Pass e6447f12-8b04-4320-9904-adc7bf552f14 to MN4artm4core15MasterComponentEFvRKNSt3__112basic_stringIcNS2_11char_traitsIcEENS2_9allocatorIcEEEEE
I0418 21:46:26.821384 290098688 c_interface.cc:339] Disposing MasterComponent (id=2)...
I0418 21:46:27.126353 290098688 c_interface.cc:271] Pass MasterModelConfig: topic_name_size=0, score_config_size=1, num_processors=0, pwt_name=pwt, nwt_name=nwt, num_document_passes=0, reuse_theta=no, cache_theta=no, opt_for_avx=yes, disk_cache_path= to ArtmCreateMasterModel
I0418 21:46:27.126374 290098688 c_interface.cc:274] Creating MasterModel (id=5)...
I0418 21:46:27.141006 290098688 c_interface.cc:375] Pass 7e4fc5de-7c9f-4b88-9567-3f2db5024b02 to MN4artm4core15MasterComponentEFvRKNSt3__112basic_stringIcNS2_11char_traitsIcEENS2_9allocatorIcEEEEE
I0418 21:46:27.144563 290098688 dictionary_operations.cc:589] Dictionary name='7e4fc5de-7c9f-4b88-9567-3f2db5024b02' contains entries: @default_class:1000; 
I0418 21:46:27.149119 290098688 c_interface.cc:271] Pass MasterModelConfig: topic_name_size=15, score_config_size=1, num_processors=0, pwt_name=pwt, nwt_name=nwt, num_document_passes=10, reuse_theta=yes, cache_theta=yes, opt_for_avx=yes, disk_cache_path= to ArtmCreateMasterModel
I0418 21:46:27.149139 290098688 instance.cc:401] MasterModelConfig.processors_count is automatically set to 12
I0418 21:46:27.149911 104456192 processor.cc:724] Processor thread started
I0418 21:46:27.149932 104992768 processor.cc:724] Processor thread started
I0418 21:46:27.149956 107675648 processor.cc:724] Processor thread started
I0418 21:46:27.149953 106065920 processor.cc:724] Processor thread started
I0418 21:46:27.149961 106602496 processor.cc:724] Processor thread started
I0418 21:46:27.149961 105529344 processor.cc:724] Processor thread started
I0418 21:46:27.149971 107139072 processor.cc:724] Processor thread started
I0418 21:46:27.149981 108212224 processor.cc:724] Processor thread started
I0418 21:46:27.149998 108748800 processor.cc:724] Processor thread started
I0418 21:46:27.150012 109285376 processor.cc:724] Processor thread started
I0418 21:46:27.150027 109821952 processor.cc:724] Processor thread started
I0418 21:46:27.150027 290098688 c_interface.cc:274] Creating MasterModel (id=6)...
I0418 21:46:27.150039 110358528 processor.cc:724] Processor thread started
I0418 21:46:27.150158 290098688 c_interface.cc:375] Pass pwt to MN4artm4core15MasterComponentEFvRKNSt3__112basic_stringIcNS2_11char_traitsIcEENS2_9allocatorIcEEEEE
I0418 21:46:27.150175 290098688 c_interface.cc:375] Pass nwt to MN4artm4core15MasterComponentEFvRKNSt3__112basic_stringIcNS2_11char_traitsIcEENS2_9allocatorIcEEEEE
I0418 21:46:27.150338 290098688 c_interface.cc:389] Pass InitializeModelArgs: model_name=pwt, dictionary_name=7e4fc5de-7c9f-4b88-9567-3f2db5024b02, topic_name_size=15, seed=-1 to MN4artm4core15MasterComponentEFvRKNS_19InitializeModelArgsEE
I0418 21:46:27.154165 290098688 master_component.cc:664] InitializeModel() created matrix pwt with 15 topics and 1000 tokens; 
I0418 21:46:27.154301 290098688 c_interface.cc:389] Pass InitializeModelArgs: model_name=nwt, dictionary_name=7e4fc5de-7c9f-4b88-9567-3f2db5024b02, topic_name_size=15, seed=-1 to MN4artm4core15MasterComponentEFvRKNS_19InitializeModelArgsEE
I0418 21:46:27.157884 290098688 master_component.cc:664] InitializeModel() created matrix nwt with 15 topics and 1000 tokens; 
I0418 21:46:27.158020 290098688 c_interface.cc:231] ArtmCopyRequestedMessage is copying 227 bytes...
I0418 21:46:27.158435 290098688 c_interface.cc:389] Pass MasterModelConfig: topic_name_size=15, score_config_size=1, num_processors=0, pwt_name=pwt, nwt_name=nwt, num_document_passes=10, regularizer=(lda_theta_reg:0.01), reuse_theta=yes, cache_theta=yes, opt_for_avx=yes, disk_cache_path= to MN4artm4core15MasterComponentEFvRKNS_17MasterModelConfigEE
I0418 21:46:27.158463 290098688 instance.cc:401] MasterModelConfig.processors_count is automatically set to 12
I0418 21:46:27.158483 290098688 instance.cc:226] Regularizer 'lda_theta_reg' was cold-reconfigured
I0418 21:46:27.158699 290098688 c_interface.cc:389] Pass MasterModelConfig: topic_name_size=15, score_config_size=1, num_processors=0, pwt_name=pwt, nwt_name=nwt, num_document_passes=10, regularizer=(lda_theta_reg:0.01), regularizer=(lda_phi_reg:0.01), reuse_theta=yes, cache_theta=yes, opt_for_avx=yes, disk_cache_path= to MN4artm4core15MasterComponentEFvRKNS_17MasterModelConfigEE
I0418 21:46:27.158748 290098688 instance.cc:401] MasterModelConfig.processors_count is automatically set to 12
I0418 21:46:27.158761 290098688 instance.cc:226] Regularizer 'lda_theta_reg' was cold-reconfigured
I0418 21:46:27.158768 290098688 instance.cc:232] Regularizer 'lda_phi_reg' was cold-reconfigured
I0418 21:46:27.158983 290098688 c_interface.cc:389] Pass MasterModelConfig: topic_name_size=15, score_config_size=2, num_processors=0, pwt_name=pwt, nwt_name=nwt, num_document_passes=10, regularizer=(lda_theta_reg:0.01), regularizer=(lda_phi_reg:0.01), reuse_theta=yes, cache_theta=yes, opt_for_avx=yes, disk_cache_path= to MN4artm4core15MasterComponentEFvRKNS_17MasterModelConfigEE
I0418 21:46:27.158998 290098688 instance.cc:401] MasterModelConfig.processors_count is automatically set to 12
I0418 21:46:27.159008 290098688 perplexity.cc:26] Perplexity score calculator created: model_type=1, dictionary_name=7e4fc5de-7c9f-4b88-9567-3f2db5024b02
I0418 21:46:27.159021 290098688 instance.cc:226] Regularizer 'lda_theta_reg' was cold-reconfigured
I0418 21:46:27.159026 290098688 instance.cc:232] Regularizer 'lda_phi_reg' was cold-reconfigured
I0418 21:46:27.159237 290098688 c_interface.cc:389] Pass MasterModelConfig: topic_name_size=15, score_config_size=3, num_processors=0, pwt_name=pwt, nwt_name=nwt, num_document_passes=10, regularizer=(lda_theta_reg:0.01), regularizer=(lda_phi_reg:0.01), reuse_theta=yes, cache_theta=yes, opt_for_avx=yes, disk_cache_path= to MN4artm4core15MasterComponentEFvRKNS_17MasterModelConfigEE
I0418 21:46:27.159255 290098688 instance.cc:401] MasterModelConfig.processors_count is automatically set to 12
I0418 21:46:27.159268 290098688 perplexity.cc:26] Perplexity score calculator created: model_type=1, dictionary_name=7e4fc5de-7c9f-4b88-9567-3f2db5024b02
I0418 21:46:27.159284 290098688 instance.cc:226] Regularizer 'lda_theta_reg' was cold-reconfigured
I0418 21:46:27.159288 290098688 instance.cc:232] Regularizer 'lda_phi_reg' was cold-reconfigured
I0418 21:46:27.159518 290098688 c_interface.cc:389] Pass MasterModelConfig: topic_name_size=15, score_config_size=4, num_processors=0, pwt_name=pwt, nwt_name=nwt, num_document_passes=10, regularizer=(lda_theta_reg:0.01), regularizer=(lda_phi_reg:0.01), reuse_theta=yes, cache_theta=yes, opt_for_avx=yes, disk_cache_path= to MN4artm4core15MasterComponentEFvRKNS_17MasterModelConfigEE
I0418 21:46:27.159534 290098688 instance.cc:401] MasterModelConfig.processors_count is automatically set to 12
I0418 21:46:27.159544 290098688 perplexity.cc:26] Perplexity score calculator created: model_type=1, dictionary_name=7e4fc5de-7c9f-4b88-9567-3f2db5024b02
I0418 21:46:27.159559 290098688 instance.cc:226] Regularizer 'lda_theta_reg' was cold-reconfigured
I0418 21:46:27.159564 290098688 instance.cc:232] Regularizer 'lda_phi_reg' was cold-reconfigured
I0418 21:46:27.161281 92336128 processor.cc:732] Processor thread stopped
I0418 21:46:27.161307 92336128 processor.cc:733] Total number of processed batches: 20
I0418 21:46:27.161871 91799552 processor.cc:732] Processor thread stopped
I0418 21:46:27.162523 91799552 processor.cc:733] Total number of processed batches: 20
I0418 21:46:27.163161 91262976 processor.cc:732] Processor thread stopped
I0418 21:46:27.163178 91262976 processor.cc:733] Total number of processed batches: 20
I0418 21:46:27.164520 90726400 processor.cc:732] Processor thread stopped
I0418 21:46:27.164546 90726400 processor.cc:733] Total number of processed batches: 20
I0418 21:46:27.165776 90189824 processor.cc:732] Processor thread stopped
I0418 21:46:27.165798 90189824 processor.cc:733] Total number of processed batches: 20
I0418 21:46:27.167075 89653248 processor.cc:732] Processor thread stopped
I0418 21:46:27.167104 89653248 processor.cc:733] Total number of processed batches: 20
I0418 21:46:27.168349 89116672 processor.cc:732] Processor thread stopped
I0418 21:46:27.168366 89116672 processor.cc:733] Total number of processed batches: 20
I0418 21:46:27.169409 88580096 processor.cc:732] Processor thread stopped
I0418 21:46:27.169426 88580096 processor.cc:733] Total number of processed batches: 20
I0418 21:46:27.170135 88043520 processor.cc:732] Processor thread stopped
I0418 21:46:27.170164 88043520 processor.cc:733] Total number of processed batches: 20
I0418 21:46:27.170687 87506944 processor.cc:732] Processor thread stopped
I0418 21:46:27.170704 87506944 processor.cc:733] Total number of processed batches: 20
I0418 21:46:27.171967 86970368 processor.cc:732] Processor thread stopped
I0418 21:46:27.171985 86970368 processor.cc:733] Total number of processed batches: 20
I0418 21:46:27.173247 86433792 processor.cc:732] Processor thread stopped
I0418 21:46:27.173264 86433792 processor.cc:733] Total number of processed batches: 20
I0418 21:46:27.173913 104992768 processor.cc:740] No data in processing queue, waiting...
I0418 21:46:27.173930 104456192 processor.cc:740] No data in processing queue, waiting...
I0418 21:46:27.173930 108212224 processor.cc:740] No data in processing queue, waiting...
I0418 21:46:27.173933 105529344 processor.cc:740] No data in processing queue, waiting...
I0418 21:46:27.173941 108748800 processor.cc:740] No data in processing queue, waiting...
I0418 21:46:27.173952 107675648 processor.cc:740] No data in processing queue, waiting...
I0418 21:46:27.173954 109821952 processor.cc:740] No data in processing queue, waiting...
I0418 21:46:27.173964 110358528 processor.cc:740] No data in processing queue, waiting...
I0418 21:46:27.173964 109285376 processor.cc:740] No data in processing queue, waiting...
I0418 21:46:27.173965 107139072 processor.cc:740] No data in processing queue, waiting...
I0418 21:46:27.173985 106065920 processor.cc:740] No data in processing queue, waiting...
I0418 21:46:27.173976 106602496 processor.cc:740] No data in processing queue, waiting...
I0418 21:46:27.189009 290098688 c_interface.cc:339] Disposing MasterComponent (id=4)...
I0418 21:46:27.189116 290098688 c_interface.cc:375] Pass 2572e564-96d5-4ef7-9b38-72feaad14a33 to MN4artm4core15MasterComponentEFvRKNSt3__112basic_stringIcNS2_11char_traitsIcEENS2_9allocatorIcEEEEE
I0418 21:46:27.189831 290098688 c_interface.cc:339] Disposing MasterComponent (id=3)...
I0418 21:46:27.190263 290098688 c_interface.cc:389] Pass FitOfflineMasterModelArgs, batch_filename_size=1, batch_weight_size=1, num_collection_passes=1, reset_nwt=yes to MN4artm4core15MasterComponentEFvRKNS_25FitOfflineMasterModelArgsEE
I0418 21:46:27.190279 290098688 master_component.cc:1398] ProcessBatchesArgs: nwt_target_name=nwt, batch_filename_size=1, batch_size=0, batch_weight_size=1, pwt_source_name=pwt, num_document_passes=10, regularizer=(name:lda_theta_reg, tau:0.01), regularizer=(name:lda_phi_reg, tau:0.01), reuse_theta=yes, opt_for_avx=yes, predict_class_id=, reset_nwt=yes
I0418 21:46:27.190600 290098688 master_component.cc:826] Batches count (=1) is smaller than num processors (=12), which may cause suboptimal performance.
I0418 21:46:27.191354 104992768 processor.cc:747] Processing queue has data, processing started
I0418 21:46:27.192123 104992768 processor.cc:820] Processor: start processing batch 13b84ac3-32f0-4e68-be62-b9b9ecb24852 into model nwt
I0418 21:46:27.193687 104992768 processor.cc:925] Processor: complete processing batch 13b84ac3-32f0-4e68-be62-b9b9ecb24852 into model nwt
I0418 21:46:27.193889 104992768 cuckoo_watch.h:45] 2ms in ProcessBatch(urnuuid61bc53ee-a076-11eb-8710-acde48001122/13b84ac3-32f0-4e68-be62-b9b9ecb24852.batch) [including 0ms in LoadMessage; 0ms in InitializeSparseNdw; 0ms in FindReuseThetaCacheEntry; 0ms in InitializeTheta; 0ms in CreateRegularizerAgents; 0ms in InferThetaAndUpdateNwtSparse; 0ms in UpdateCacheEntry; 0ms in CalculateScore(perp_score); 0ms in CalculateScore(sp_theta_score); 0ms in CalculateScore(^^^ItemsProcessedScore^^^); ]
I0418 21:46:27.194437 290098688 master_component.cc:1436] RegularizeModelArgs: rwt_target_name=rwt, pwt_source_name=pwt, nwt_source_name=nwt
I0418 21:46:27.194451 290098688 master_component.cc:976] MasterComponent: start regularizing model pwt
I0418 21:46:27.196817 290098688 master_component.cc:1002] MasterComponent: complete regularizing model pwt
I0418 21:46:27.196825 290098688 master_component.cc:1449] NormalizeModelArgs: pwt_target_name=pwt, nwt_source_name=nwt, rwt_source_name=rwt
I0418 21:46:27.196830 290098688 master_component.cc:1006] MasterComponent: start normalizing model nwt
I0418 21:46:27.198290 290098688 master_component.cc:1034] MasterComponent: complete normalizing model nwt
I0418 21:46:27.198348 290098688 master_component.cc:1473] DisposeModel rwt
I0418 21:46:27.198702 290098688 master_component.cc:1059] FitOffline: ItemsProcessed, num_items=1, num_batches=1, token_weight=76674, token_weight_in_effect=76674
I0418 21:46:27.198876 290098688 c_interface.cc:389] Pass FitOfflineMasterModelArgs, batch_filename_size=1, batch_weight_size=1, num_collection_passes=1, reset_nwt=yes to MN4artm4core15MasterComponentEFvRKNS_25FitOfflineMasterModelArgsEE
I0418 21:46:27.198889 290098688 master_component.cc:1398] ProcessBatchesArgs: nwt_target_name=nwt, batch_filename_size=1, batch_size=0, batch_weight_size=1, pwt_source_name=pwt, num_document_passes=10, regularizer=(name:lda_theta_reg, tau:0.01), regularizer=(name:lda_phi_reg, tau:0.01), reuse_theta=yes, opt_for_avx=yes, predict_class_id=, reset_nwt=yes
I0418 21:46:27.199198 110358528 processor.cc:747] Processing queue has data, processing started
I0418 21:46:27.199452 110358528 processor.cc:820] Processor: start processing batch 13b84ac3-32f0-4e68-be62-b9b9ecb24852 into model nwt
I0418 21:46:27.200847 110358528 processor.cc:925] Processor: complete processing batch 13b84ac3-32f0-4e68-be62-b9b9ecb24852 into model nwt
I0418 21:46:27.201053 110358528 cuckoo_watch.h:45] 1ms in ProcessBatch(urnuuid61bc53ee-a076-11eb-8710-acde48001122/13b84ac3-32f0-4e68-be62-b9b9ecb24852.batch) [including 0ms in LoadMessage; 0ms in InitializeSparseNdw; 0ms in FindReuseThetaCacheEntry; 0ms in InitializeTheta; 0ms in CreateRegularizerAgents; 0ms in InferThetaAndUpdateNwtSparse; 0ms in UpdateCacheEntry; 0ms in CalculateScore(perp_score); 0ms in CalculateScore(sp_theta_score); 0ms in CalculateScore(^^^ItemsProcessedScore^^^); ]
I0418 21:46:27.201686 290098688 master_component.cc:1436] RegularizeModelArgs: rwt_target_name=rwt, pwt_source_name=pwt, nwt_source_name=nwt
I0418 21:46:27.201700 290098688 master_component.cc:976] MasterComponent: start regularizing model pwt
I0418 21:46:27.203999 290098688 master_component.cc:1002] MasterComponent: complete regularizing model pwt
I0418 21:46:27.204006 290098688 master_component.cc:1449] NormalizeModelArgs: pwt_target_name=pwt, nwt_source_name=nwt, rwt_source_name=rwt
I0418 21:46:27.204010 290098688 master_component.cc:1006] MasterComponent: start normalizing model nwt
I0418 21:46:27.205379 290098688 master_component.cc:1034] MasterComponent: complete normalizing model nwt
I0418 21:46:27.205433 290098688 master_component.cc:1473] DisposeModel rwt
I0418 21:46:27.205777 290098688 master_component.cc:1059] FitOffline: ItemsProcessed, num_items=1, num_batches=1, token_weight=76674, token_weight_in_effect=76674
I0418 21:46:27.205879 290098688 c_interface.cc:389] Pass FitOfflineMasterModelArgs, batch_filename_size=1, batch_weight_size=1, num_collection_passes=1, reset_nwt=yes to MN4artm4core15MasterComponentEFvRKNS_25FitOfflineMasterModelArgsEE
I0418 21:46:27.205888 290098688 master_component.cc:1398] ProcessBatchesArgs: nwt_target_name=nwt, batch_filename_size=1, batch_size=0, batch_weight_size=1, pwt_source_name=pwt, num_document_passes=10, regularizer=(name:lda_theta_reg, tau:0.01), regularizer=(name:lda_phi_reg, tau:0.01), reuse_theta=yes, opt_for_avx=yes, predict_class_id=, reset_nwt=yes
I0418 21:46:27.207477 106602496 processor.cc:747] Processing queue has data, processing started
I0418 21:46:27.207839 106602496 processor.cc:820] Processor: start processing batch 13b84ac3-32f0-4e68-be62-b9b9ecb24852 into model nwt
I0418 21:46:27.209290 106602496 processor.cc:925] Processor: complete processing batch 13b84ac3-32f0-4e68-be62-b9b9ecb24852 into model nwt
I0418 21:46:27.209515 106602496 cuckoo_watch.h:45] 2ms in ProcessBatch(urnuuid61bc53ee-a076-11eb-8710-acde48001122/13b84ac3-32f0-4e68-be62-b9b9ecb24852.batch) [including 0ms in LoadMessage; 0ms in InitializeSparseNdw; 0ms in FindReuseThetaCacheEntry; 0ms in InitializeTheta; 0ms in CreateRegularizerAgents; 0ms in InferThetaAndUpdateNwtSparse; 0ms in UpdateCacheEntry; 0ms in CalculateScore(perp_score); 0ms in CalculateScore(sp_theta_score); 0ms in CalculateScore(^^^ItemsProcessedScore^^^); ]
